name := island
width := 50
height := 50
//These next two are negative so that 0,0 is the center of the map
x := -25
y := -25
z := 0
//Reserved characters:
//' ' - Empty space
//'|' - Coordinate separator
//',' - Multiple Spawn separator
_ := boundary obj
. := grass nul
# := road nul
T := tree obj
R := rock obj
D := dungeon_entrance obj
W := wolf npc
A := armor_smith npc
w := weapon_smith npc
//
| | | | | | | | | | | | | | | | | | | | | | | | | | | | | | | | | | | | | | | | | | | | | | | | | | |
| | | | | | | | | | | | | | | | | | | | | | | | | | | | | | | | | | | | | | | | | | | | | | | | | | |
| | | | | | | | | | | | | | | | | | | | | | |_|_|_|_|_|_|_|_| | | | | | | | | | | | | | | | | | | | |
| | | | | | | | | | | | | | | | | | | | | |_|.|R,.| | | |R,.|.|.|_| | | | | | | | | | | | | | | | | | | |
| | | | | | | | | | | | | | | | | | | | |_|.|.|R,.| |D| |R,.|.|.|.|_| | | | | | | | | | | | | | | | | | |
| | | | | | | | | | | | | | | |_|_|_|_|_|.|.|.|R,.| | | |R,.|.|R,.|.|.|_| | | | | | | | | | | | | | | | | |
| | | | | | | | | | | | | | |_|.|.|.|.|.|.|.|.|R,.|R,.|#|R,.|R,.|.|.|R,.|.|.|_| | | | | | | | | | | | | | | | |
| | | | | | | | | | | | |_|_|.|.|.|.|.|R,.|.|.|.|.|.|#|.|.|T|.|.|.|R,.|.|_| | | | | | | | | | | | | | | |
| | | | | | | | | | | |_|.|.|.|.|T,.|.|.|.|.|T,.|.|.|.|#|.|.|.|.|.|T,.|.|.|.|_| | | | | | | | | | | | | | |
| | | | | | | | | |_|_|.|.|.|.|.|R,.|.|.|.|.|.|.|.|.|#|.|.|.|.|.|.|.|R,.|R,.|.|_| | | | | | | | | | | | | |
| | | | | | | | |_|.|.|.|R,.|.|T,.|.|.|.|#|#|#|#|#|#|#|#|#|#|#|#|#|#|.|.|.|.|.|_| | | | | | | | | | | | |
| | | | | | | |_|.|.|W,.|.|.|T,.|.|.|.|#|#|.|.|.|.|.|.|.|.|.|.|.|.|#|#|.|T,.|.|R,.|.|_| | | | | | | | | | | |
| | | | | | | |_|.|.|.|.|.|.|.|.|#|#|.|.|.|.|.|.|.|.|.|.|.|.|.|.|#|#|.|.|.|.|.|_| | | | | | | | | | |
| | | | | | | |_|.|.|T,.|.|.|.|.|#|#|.|.|.|.|.|.|.|.|.|.|.|.|.|.|.|.|#|#|.|.|.|.|_| | | | | | | | | | |
| | | | | | | | |_|.|.|R,.|.|.|.|#|.|.|.|.|A,.|.|.|.|.|.|.|.|.|w,.|.|.|.|.|#|.|R,.|.|.|_| | | | | | | | | | |
| | | | | | | | |_|.|.|.|.|.|.|#|.|.|.|.|.|.|.|.|.|.|.|.|.|.|.|.|.|.|#|.|.|T,.|.|_| | | | | | | | | | |
| | | | | | | | |_|.|.|T,.|.|.|.|#|.|.|.|.|.|.|.|.|.|.|.|T,.|.|.|.|.|.|.|#|.|.|.|.|_| | | | | | | | | | |
| | | | | | | | | |_|.|.|.|.|.|#|.|.|.|.|T,.|.|.|.|.|.|.|.|.|.|.|.|.|.|#|.|.|R,.|.|_| | | | | | | | | | |
| | | | | | | | |_|.|.|.|.|.|.|#|.|.|.|.|.|.|.|.|.|T,.|.|.|.|.|.|.|.|.|#|.|.|.|.|_| | | | | | | | | | |
| | | | | | | |_|.|.|.|.|T,.|.|.|#|.|.|.|.|.|.|.|.|.|.|.|.|.|.|.|.|.|.|#|.|.|.|R,.|_| | | | | | | | | | |
| | | | | | |_|.|.|.|R,.|.|.|.|.|#|.|T,.|.|.|.|.|.|.|.|.|.|.|.|T,.|.|.|.|.|#|.|T,.|.|.|_| | | | | | | | | | |
| | | | | | |_|.|.|.|.|.|.|.|.|#|.|.|.|.|.|.|.|.|.|.|.|.|.|.|.|.|.|.|#|.|.|.|.|_| | | | | | | | | | |
| | | | | | |_|.|.|.|.|T,.|.|.|.|#|.|.|.|.|.|.|.|.|.|.|T,.|.|.|.|.|.|.|.|#|.|.|.|.|_| | | | | | | | | | |
| | | | | |_|_|.|.|R,.|W,.|.|.|.|.|#|.|.|.|.|T,.|.|.|.|.|.|.|.|.|.|.|.|.|.|#|.|R,.|T,.|.|_| | | | | | | | | | |
| | | | | |_|.|.|.|.|.|.|.|.|.|#|.|.|.|.|.|.|.|.|.|.|.|.|.|.|.|.|.|.|#|.|.|.|.|_| | | | | | | | | | |
| | | | | | |_|.|.|.|R,.|.|.|.|.|#|.|.|.|.|.|.|.|.|.|.|.|.|T,.|.|.|.|.|.|#|.|.|.|.|_| | | | | | | | | | |
| | | | | | | |_|.|.|.|.|.|.|.|#|.|.|.|.|.|.|.|.|.|.|.|.|.|.|.|.|.|.|#|.|.|R,.|.|_| | | | | | | | | | |
| | | | | | |_| |.|T,.|.|T,.|.|.|.|#|.|.|.|.|.|.|.|.|.|.|.|.|.|.|.|.|.|.|#|.|.|T,.|.|.|_| | | | | | | | | |
| | | | | | |_| |.|.|.|.|.|.|.|#|.|.|.|.|.|.|.|.|.|.|.|.|.|.|.|.|.|.|#|.|.|W,.|.|.|.|_| | | | | | | | |
| | | | | | |_|.|.|.|.|.|.|.|.|#|.|.|.|T,.|.|.|.|.|.|.|T,.|.|.|.|.|.|.|.|#|.|.|.|R,.|.|.|_| | | | | | | | |
| | | | | | |_|.|.|T,.|.|.|.|.|.|#|.|.|.|.|.|.|.|.|.|.|.|.|.|.|.|.|.|.|#|.|.|T,.|.|.|.|_| | | | | | | | |
| | | | | | | |_|.|.|.|T,.|.|.|.|#|.|.|.|.|.|.|.|.|.|.|.|.|.|.|.|.|.|.|#|.|.|W,.,.|.|.|.|_| | | | | | | | |
| | | | | | | |_|.|.|.|.|.|.|.|#|.|.|.|.|.|.|T,.|.|.|.|.|.|T,.|.|.|.|.|.|#|.|.|.|.|R,.|.|_| | | | | | | | |
| | | | | | | |_|.|.|R,.|.|.|.|.|#|#|.|.|.|.|.|.|.|.|.|.|.|.|.|.|.|.|.|#|.|.|T,.|.|.|.|_| | | | | | | | |
| | | | | | |_|.|.|.|R,.|.|.|.|.|.|#|#|.|.|.|.|.|.|.|.|.|.|.|.|.|.|.|#|#|.|.|.|.|.|_| | | | | | | | | |
| | | | | | |_|.|.|.|.|.|.|.|.|.|.|#|#|.|.|.|.|.|.|.|.|.|.|.|.|.|#|#|.|.|.|.|.|_| | | | | | | | | | |
| | | | | | |_|.|.|T,.|.|.|.|.|.|.|.|.|#|#|#|#|#|#|#|#|#|#|#|#|#|#|#|.|.|.|R,.|.|_| | | | | | | | | | | |
| | | | | | |_|.|.|W,.|.|.|R,.|W,.|.|.|.|.|.|.|.|.|.|.|.|.|.|.|.|.|.|.|.|.|T,.|.|.|.|_| | | | | | | | | | | |
| | | | | | | |_|.|T,.|.|.|.|.|.|T,.|.|.|.|.|.|T,.|.|.|.|.|.|.|.|T,.|.|.|.|.|.|.|.|.|.|_| | | | | | | | | | |
| | | | | | | |_|.|.|.|.|T,.|.|.|.|W,.|.|.|.|.|.|.|.|.|T,.|.|.|.|.|.|.|T,.|.|R,.|.|.|.|_| | | | | | | | | | | |
| | | | | | | | |_|.|.|W,.|.|.|.|.|.|.|_|_|_|_|_|.|.|.|.|W,.|.|T,.|.|.|W,.|.|.|.|.|_| | | | | | | | | | | | |
| | | | | | | | |_|.|.|.|.|T,.|.|.|.|_| | | | | |_|.|.|T,.|.|.|.|.|.|R,.|.|.|.|_| | | | | | | | | | | | | |
| | | | | | | | | |_|.|.|.|.|.|.|_| | | | | | |_|.|.|.|.|.|R,.|.|.|.|.|.|_| | | | | | | | | | | | | | |
| | | | | | | | | | |_|.|.|.|.|_| | | | | | |_|.|.|.|R,.|.|.|.|.|_|_|_|_| | | | | | | | | | | | | | | |
| | | | | | | | | | | |_|.|.|_| | | | | | | |_|.|.|.|.|.|.|_|_| | | | | | | | | | | | | | | | | | | |
| | | | | | | | | | | | |_|_| | | | | | | | |_|_|_|_|_|_|_| | | | | | | | | | | | | | | | | | | | | |
| | | | | | | | | | | | | | | | | | | | | | | | | | | | | | | | | | | | | | | | | | | | | | | | | | |
| | | | | | | | | | | | | | | | | | | | | | | | | | | | | | | | | | | | | | | | | | | | | | | | | | |
| | | | | | | | | | | | | | | | | | | | | | | | | | | | | | | | | | | | | | | | | | | | | | | | | | |
| | | | | | | | | | | | | | | | | | | | | | | | | | | | | | | | | | | | | | | | | | | | | | | | | | |
