name := island
width := 50
height := 50
//These next two are negative so that 0,0 is the center of the map
x := -25
y := -25
z := 0
_ := boundary obj
. := grass nul
# := road nul
T := tree obj
R := rock obj
D := dungeon_entrance obj
| | | | | | | | | | | | | | | | | | | | | | | | | | | | | | | | | | | | | | | | | | | | | | | | | | |
| | | | | | | | | | | | | | | | | | | | | | | | | | | | | | | | | | | | | | | | | | | | | | | | | | |
| | | | | | | | | | | | | | | | | | | | | | |_|_|_|_|_|_|_|_| | | | | | | | | | | | | | | | | | | | |
| | | | | | | | | | | | | | | | | | | | | |_|.|R|.|.|.|R|.|.|_| | | | | | | | | | | | | | | | | | | |
| | | | | | | | | | | | | | | | | | | | |_|.|.|R|.|D|.|R|.|.|.|_| | | | | | | | | | | | | | | | | | |
| | | | | | | | | | | | | | | |_|_|_|_|_|.|.|.|R|.|.|.|R|.|R|.|.|_| | | | | | | | | | | | | | | | | |
| | | | | | | | | | | | | | |_|.|.|.|.|.|.|.|.|R|R|#|R|R|.|.|R|.|.|_| | | | | | | | | | | | | | | | |
| | | | | | | | | | | | |_|_|.|.|.|.|.|R|.|.|.|.|.|#|.|.|T|.|.|.|R|.|_| | | | | | | | | | | | | | | |
| | | | | | | | | | | |_|.|.|.|.|T|.|.|.|.|T|.|.|.|#|.|.|.|.|.|T|.|.|.|_| | | | | | | | | | | | | | |
| | | | | | | | | |_|_|.|.|.|.|.|R|.|.|.|.|.|.|.|.|#|.|.|.|.|.|.|.|R|R|.|_| | | | | | | | | | | | | |
| | | | | | | | |_|.|.|.|R|.|T|.|.|.|#|#|#|#|#|#|#|#|#|#|#|#|#|#|.|.|.|.|.|_| | | | | | | | | | | | |
| | | | | | | |_|.|.|.|.|.|T|.|.|.|#|#|.|.|.|.|.|.|.|.|.|.|.|.|#|#|.|T|.|R|.|_| | | | | | | | | | | |
| | | | | | | |_|.|.|.|.|.|.|.|.|#|#|.|.|.|.|.|.|.|.|.|.|.|.|.|.|#|#|.|.|.|.|.|_| | | | | | | | | | |
| | | | | | | |_|.|.|T|.|.|.|.|#|#|.|.|.|.|.|.|.|.|.|.|.|.|.|.|.|.|#|#|.|.|.|.|_| | | | | | | | | | |
| | | | | | | | |_|.|.|R|.|.|.|#|.|.|.|.|.|.|.|.|.|.|.|.|.|.|.|.|.|.|#|.|R|.|.|_| | | | | | | | | | |
| | | | | | | | |_|.|.|.|.|.|.|#|.|.|.|.|.|.|.|.|.|.|.|.|.|.|.|.|.|.|#|.|.|T|.|_| | | | | | | | | | |
| | | | | | | | |_|.|.|T|.|.|.|#|.|.|.|.|.|.|.|.|.|.|.|.|.|.|.|.|.|.|#|.|.|.|.|_| | | | | | | | | | |
| | | | | | | | | |_|.|.|.|.|.|#|.|.|.|.|.|.|.|.|.|.|.|.|.|.|.|.|.|.|#|.|.|R|.|_| | | | | | | | | | |
| | | | | | | | |_|.|.|.|.|.|.|#|.|.|.|.|.|.|.|.|.|.|.|.|.|.|.|.|.|.|#|.|.|.|.|_| | | | | | | | | | |
| | | | | | | |_|.|.|.|.|T|.|.|#|.|.|.|.|.|.|.|.|.|.|.|.|.|.|.|.|.|.|#|.|.|.|R|_| | | | | | | | | | |
| | | | | | |_|.|.|.|R|.|.|.|.|#|.|.|.|.|.|.|.|.|.|.|.|.|.|.|.|.|.|.|#|.|T|.|.|_| | | | | | | | | | |
| | | | | | |_|.|.|.|.|.|.|.|.|#|.|.|.|.|.|.|.|.|.|.|.|.|.|.|.|.|.|.|#|.|.|.|.|_| | | | | | | | | | |
| | | | | | |_|.|.|.|.|T|.|.|.|#|.|.|.|.|.|.|.|.|.|.|.|.|.|.|.|.|.|.|#|.|.|.|.|_| | | | | | | | | | |
| | | | | |_|_|.|.|R|.|.|.|.|.|#|.|.|.|.|.|.|.|.|.|.|.|.|.|.|.|.|.|.|#|.|R|T|.|_| | | | | | | | | | |
| | | | | |_|.|.|.|.|.|.|.|.|.|#|.|.|.|.|.|.|.|.|.|.|.|.|.|.|.|.|.|.|#|.|.|.|.|_| | | | | | | | | | |
| | | | | | |_|.|.|.|R|.|.|.|.|#|.|.|.|.|.|.|.|.|.|.|.|.|.|.|.|.|.|.|#|.|.|.|.|_| | | | | | | | | | |
| | | | | | | |_|.|.|.|.|.|.|.|#|.|.|.|.|.|.|.|.|.|.|.|.|.|.|.|.|.|.|#|.|.|R|.|_| | | | | | | | | | |
| | | | | | |_| |.|T|.|T|.|.|.|#|.|.|.|.|.|.|.|.|.|.|.|.|.|.|.|.|.|.|#|.|.|T|.|.|_| | | | | | | | | |
| | | | | | |_| |.|.|.|.|.|.|.|#|.|.|.|.|.|.|.|.|.|.|.|.|.|.|.|.|.|.|#|.|.|.|.|.|.|_| | | | | | | | |
| | | | | | |_|.|.|.|.|.|.|.|.|#|.|.|.|.|.|.|.|.|.|.|.|.|.|.|.|.|.|.|#|.|.|.|R|.|.|_| | | | | | | | |
| | | | | | |_|.|.|T|.|.|.|.|.|#|.|.|.|.|.|.|.|.|.|.|.|.|.|.|.|.|.|.|#|.|.|T|.|.|.|_| | | | | | | | |
| | | | | | | |_|.|.|.|T|.|.|.|#|.|.|.|.|.|.|.|.|.|.|.|.|.|.|.|.|.|.|#|.|.|.|.|.|.|_| | | | | | | | |
| | | | | | | |_|.|.|.|.|.|.|.|#|.|.|.|.|.|.|.|.|.|.|.|.|.|.|.|.|.|.|#|.|.|.|.|R|.|_| | | | | | | | |
| | | | | | | |_|.|.|R|.|.|.|.|#|#|.|.|.|.|.|.|.|.|.|.|.|.|.|.|.|.|.|#|.|.|T|.|.|.|_| | | | | | | | |
| | | | | | |_|.|.|.|R|.|.|.|.|.|#|#|.|.|.|.|.|.|.|.|.|.|.|.|.|.|.|#|#|.|.|.|.|.|_| | | | | | | | | |
| | | | | | |_|.|.|.|.|.|.|.|.|.|.|#|#|.|.|.|.|.|.|.|.|.|.|.|.|.|#|#|.|.|.|.|.|_| | | | | | | | | | |
| | | | | | |_|.|.|T|.|.|.|.|.|.|.|.|#|#|#|#|#|#|#|#|#|#|#|#|#|#|#|.|.|.|R|.|_| | | | | | | | | | | |
| | | | | | |_|.|.|.|.|.|R|.|.|.|.|.|.|.|.|.|.|.|.|.|.|.|.|.|.|.|.|.|T|.|.|.|_| | | | | | | | | | | |
| | | | | | | |_|.|T|.|.|.|.|.|T|.|.|.|.|.|T|.|.|.|.|.|.|.|T|.|.|.|.|.|.|.|.|.|_| | | | | | | | | | |
| | | | | | | |_|.|.|.|.|T|.|.|.|.|.|.|.|.|.|.|.|.|T|.|.|.|.|.|.|T|.|R|.|.|.|_| | | | | | | | | | | |
| | | | | | | | |_|.|.|.|.|.|.|.|.|.|_|_|_|_|_|.|.|.|.|.|.|T|.|.|.|.|.|.|.|_| | | | | | | | | | | | |
| | | | | | | | |_|.|.|.|.|T|.|.|.|_| | | | | |_|.|.|T|.|.|.|.|.|R|.|.|.|_| | | | | | | | | | | | | |
| | | | | | | | | |_|.|.|.|.|.|.|_| | | | | | |_|.|.|.|.|.|R|.|.|.|.|.|_| | | | | | | | | | | | | | |
| | | | | | | | | | |_|.|.|.|.|_| | | | | | |_|.|.|.|R|.|.|.|.|_|_|_|_| | | | | | | | | | | | | | | |
| | | | | | | | | | | |_|.|.|_| | | | | | | |_|.|.|.|.|.|.|_|_| | | | | | | | | | | | | | | | | | | |
| | | | | | | | | | | | |_|_| | | | | | | | |_|_|_|_|_|_|_| | | | | | | | | | | | | | | | | | | | | |
| | | | | | | | | | | | | | | | | | | | | | | | | | | | | | | | | | | | | | | | | | | | | | | | | | |
| | | | | | | | | | | | | | | | | | | | | | | | | | | | | | | | | | | | | | | | | | | | | | | | | | |
| | | | | | | | | | | | | | | | | | | | | | | | | | | | | | | | | | | | | | | | | | | | | | | | | | |
| | | | | | | | | | | | | | | | | | | | | | | | | | | | | | | | | | | | | | | | | | | | | | | | | | |
